{
  "metadata": {
    "name": "basic-table",
    "description": "PowerPoint content: basic-table",
    "downloadedAt": "2025-09-08T12:00:32.351Z",
    "size": 3987,
    "contentType": "application/octet-stream",
    "url": "https://euc-powerpoint.officeapps.live.com/pods/GetClipboardBytes.ashx?Id=c97e5941-a729-44a8-b0a6-d79cde53e6f0&amp;DC=GEU7&amp;pkey=45f6d3d6-68aa-41e4-bbcf-77dfaf021d8b&amp;wdwaccluster=GEU7&amp;DataType=shape"
  },
  "components": [
    {
      "id": "TextBox 3",
      "type": "text",
      "content": "TEXT",
      "x": 130,
      "y": 360,
      "width": 288,
      "height": 139,
      "rotation": 0,
      "slideIndex": 0,
      "zIndex": 0,
      "style": {
        "fontSize": 80,
        "fontFamily": "Arial",
        "fontWeight": "normal",
        "fontStyle": "normal",
        "textDecoration": "none",
        "color": "#4EA72E",
        "backgroundColor": "transparent",
        "textAlign": "left",
        "opacity": 1,
        "rotation": 0
      },
      "richText": {
        "type": "doc",
        "content": [
          {
            "type": "paragraph",
            "content": [
              {
                "type": "text",
                "text": "TEXT",
                "marks": [
                  {
                    "type": "textStyle",
                    "attrs": {
                      "fontSize": "80pt",
                      "color": "#4EA72E"
                    }
                  }
                ]
              }
            ]
          }
        ]
      },
      "backgroundShape": {
        "type": "rectangle",
        "border": {
          "type": "solid",
          "color": "#4472C4",
          "width": 0,
          "style": "solid",
          "cap": "flat",
          "compound": "sng"
        },
        "geometry": {
          "type": "rectangle",
          "preset": "rect",
          "isCustom": false
        }
      },
      "metadata": {
        "namespace": "a",
        "isTextBox": true,
        "originalFormat": "normalized",
        "paragraphCount": 1,
        "hasMultipleRuns": false
      }
    }
  ],
  "componentCount": 1,
  "componentTypes": {
    "text": 1
  }
}