{
  "metadata": {
    "name": "orange-rectangle",
    "description": "PowerPoint content: orange-rectangle",
    "downloadedAt": "2025-09-08T12:00:32.329Z",
    "size": 3875,
    "contentType": "application/octet-stream",
    "url": "https://euc-powerpoint.officeapps.live.com/pods/GetClipboardBytes.ashx?Id=bd559a8b-7f9b-4364-9a06-425270f5b2b6&amp;DC=GEU7&amp;pkey=a8dcc7f1-493e-4cf2-a839-203f6208a2f0&amp;wdwaccluster=GEU7&amp;DataType=shape"
  },
  "components": [
    {
      "id": "Rectangle 10",
      "type": "shape",
      "content": "rectangle shape",
      "x": 559,
      "y": 86,
      "width": 150,
      "height": 97,
      "rotation": 0,
      "slideIndex": 0,
      "zIndex": 0,
      "style": {
        "fillColor": "#ED7D31",
        "borderColor": "transparent",
        "borderWidth": 0,
        "borderStyle": "none",
        "fillOpacity": 1,
        "rotation": 0,
        "effects": []
      },
      "shapeType": "rectangle",
      "geometry": {
        "type": "rectangle",
        "preset": "rect",
        "isCustom": false
      },
      "metadata": {
        "namespace": "a",
        "geometry": {
          "type": "rectangle",
          "preset": "rect",
          "isCustom": false
        },
        "originalFormat": "normalized",
        "shapeType": "rectangle",
        "hasEffects": false,
        "hasFill": true,
        "hasBorder": false
      }
    }
  ],
  "componentCount": 1,
  "componentTypes": {
    "shape": 1
  }
}