{
  "metadata": {
    "name": "rotated-shapes",
    "description": "PowerPoint content: rotated-shapes",
    "downloadedAt": "2025-09-08T12:00:32.347Z",
    "size": 4331,
    "contentType": "application/octet-stream",
    "url": "https://euc-powerpoint.officeapps.live.com/pods/GetClipboardBytes.ashx?Id=7172440d-ab13-4e07-8ea0-31d4635b3e32&amp;DC=GEU7&amp;pkey=3e710a1f-7271-44d0-a424-8f38536add48&amp;wdwaccluster=GEU7&amp;DataType=shape"
  },
  "components": [
    {
      "id": "TextBox 1",
      "type": "text",
      "content": "HELLO THIS IS MAGICAL",
      "x": 262,
      "y": 287,
      "width": 594,
      "height": 68,
      "rotation": -36,
      "slideIndex": 0,
      "zIndex": 0,
      "style": {
        "fontSize": 36,
        "fontFamily": "Arial",
        "fontWeight": "bold",
        "fontStyle": "normal",
        "textDecoration": "none",
        "color": "#E97132",
        "backgroundColor": "transparent",
        "textAlign": "left",
        "opacity": 1,
        "rotation": -36
      },
      "richText": {
        "type": "doc",
        "content": [
          {
            "type": "paragraph",
            "content": [
              {
                "type": "text",
                "text": "HELLO THIS IS MAGICAL",
                "marks": [
                  {
                    "type": "bold"
                  },
                  {
                    "type": "textStyle",
                    "attrs": {
                      "fontSize": "36pt",
                      "color": "#E97132"
                    }
                  }
                ]
              }
            ]
          }
        ]
      },
      "metadata": {
        "namespace": "a",
        "isTextBox": true,
        "originalFormat": "normalized",
        "paragraphCount": 1,
        "hasMultipleRuns": false
      }
    },
    {
      "id": "Rectangle 10",
      "type": "shape",
      "content": "rectangle shape",
      "x": 559,
      "y": 86,
      "width": 150,
      "height": 97,
      "rotation": 55,
      "slideIndex": 0,
      "zIndex": 1,
      "style": {
        "fillColor": "#ED7D31",
        "borderColor": "transparent",
        "borderWidth": 0,
        "borderStyle": "none",
        "fillOpacity": 1,
        "rotation": 55,
        "effects": []
      },
      "shapeType": "rectangle",
      "geometry": {
        "type": "rectangle",
        "preset": "rect",
        "isCustom": false
      },
      "metadata": {
        "namespace": "a",
        "geometry": {
          "type": "rectangle",
          "preset": "rect",
          "isCustom": false
        },
        "originalFormat": "normalized",
        "shapeType": "rectangle",
        "hasEffects": false,
        "hasFill": true,
        "hasBorder": false
      }
    }
  ],
  "componentCount": 2,
  "componentTypes": {
    "text": 1,
    "shape": 1
  }
}