{
  "metadata": {
    "name": "simple-shape",
    "description": "Basic geometric shape from PowerPoint",
    "downloadedAt": "2025-09-08T12:00:32.326Z",
    "size": 4219,
    "contentType": "application/octet-stream",
    "url": "https://euc-powerpoint.officeapps.live.com/pods/GetClipboardBytes.ashx?Id=7b278b8c-0c5b-4785-ad7d-0f5711b9bd5b&DC=GEU7&pkey=4568ec4f-90a8-4227-87dc-9ec5e93ee121&wdwaccluster=GEU7&DataType=shape"
  },
  "components": [
    {
      "id": "TextBox 1",
      "type": "text",
      "content": "HELLO EDITH ROSE ISNT THIS MAGICAL",
      "x": 58,
      "y": 306,
      "width": 1019,
      "height": 68,
      "rotation": 0,
      "slideIndex": 0,
      "zIndex": 0,
      "style": {
        "fontSize": 36,
        "fontFamily": "Arial",
        "fontWeight": "bold",
        "fontStyle": "normal",
        "textDecoration": "none",
        "color": "#E97132",
        "backgroundColor": "transparent",
        "textAlign": "left",
        "opacity": 1,
        "rotation": 0
      },
      "richText": {
        "type": "doc",
        "content": [
          {
            "type": "paragraph",
            "content": [
              {
                "type": "text",
                "text": "HELLO EDITH ROSE ISNT THIS MAGICAL",
                "marks": [
                  {
                    "type": "bold"
                  },
                  {
                    "type": "textStyle",
                    "attrs": {
                      "fontSize": "36pt",
                      "color": "#E97132"
                    }
                  }
                ]
              }
            ]
          }
        ]
      },
      "metadata": {
        "namespace": "a",
        "isTextBox": true,
        "originalFormat": "normalized",
        "paragraphCount": 1,
        "hasMultipleRuns": false
      }
    },
    {
      "id": "TextBox 4",
      "type": "text",
      "content": "TEXT",
      "x": 109,
      "y": 41,
      "width": 288,
      "height": 139,
      "rotation": 0,
      "slideIndex": 0,
      "zIndex": 1,
      "style": {
        "fontSize": 80,
        "fontFamily": "Arial",
        "fontWeight": "normal",
        "fontStyle": "normal",
        "textDecoration": "none",
        "color": "#4EA72E",
        "backgroundColor": "transparent",
        "textAlign": "left",
        "opacity": 1,
        "rotation": 0
      },
      "richText": {
        "type": "doc",
        "content": [
          {
            "type": "paragraph",
            "content": [
              {
                "type": "text",
                "text": "TEXT",
                "marks": [
                  {
                    "type": "textStyle",
                    "attrs": {
                      "fontSize": "80pt",
                      "color": "#4EA72E"
                    }
                  }
                ]
              }
            ]
          }
        ]
      },
      "backgroundShape": {
        "type": "rectangle",
        "border": {
          "type": "solid",
          "color": "#4472C4",
          "width": 0,
          "style": "solid",
          "cap": "flat",
          "compound": "sng"
        },
        "geometry": {
          "type": "rectangle",
          "preset": "rect",
          "isCustom": false
        }
      },
      "metadata": {
        "namespace": "a",
        "isTextBox": true,
        "originalFormat": "normalized",
        "paragraphCount": 1,
        "hasMultipleRuns": false
      }
    }
  ],
  "componentCount": 2,
  "componentTypes": {
    "text": 2
  }
}