{
  "metadata": {
    "name": "text-only",
    "description": "Simple green text",
    "downloadedAt": "2025-09-08T12:00:32.320Z",
    "size": 3996,
    "contentType": "application/octet-stream",
    "url": "https://euc-powerpoint.officeapps.live.com/pods/GetClipboardBytes.ashx?Id=78b93618-2199-4809-a01b-c37d3b526cd5&DC=GEU7&pkey=0eb88557-9a54-48df-85f1-e443a1c0b75f&wdwaccluster=GEU7&DataType=shape"
  },
  "components": [
    {
      "id": "TextBox 4",
      "type": "text",
      "content": "TEXT",
      "x": 109,
      "y": 41,
      "width": 288,
      "height": 139,
      "rotation": 0,
      "slideIndex": 0,
      "zIndex": 0,
      "style": {
        "fontSize": 80,
        "fontFamily": "Arial",
        "fontWeight": "normal",
        "fontStyle": "normal",
        "textDecoration": "none",
        "color": "#4EA72E",
        "backgroundColor": "transparent",
        "textAlign": "left",
        "opacity": 1,
        "rotation": 0
      },
      "richText": {
        "type": "doc",
        "content": [
          {
            "type": "paragraph",
            "content": [
              {
                "type": "text",
                "text": "TEXT",
                "marks": [
                  {
                    "type": "textStyle",
                    "attrs": {
                      "fontSize": "80pt",
                      "color": "#4EA72E"
                    }
                  }
                ]
              }
            ]
          }
        ]
      },
      "backgroundShape": {
        "type": "rectangle",
        "border": {
          "type": "solid",
          "color": "#4472C4",
          "width": 0,
          "style": "solid",
          "cap": "flat",
          "compound": "sng"
        },
        "geometry": {
          "type": "rectangle",
          "preset": "rect",
          "isCustom": false
        }
      },
      "metadata": {
        "namespace": "a",
        "isTextBox": true,
        "originalFormat": "normalized",
        "paragraphCount": 1,
        "hasMultipleRuns": false
      }
    }
  ],
  "componentCount": 1,
  "componentTypes": {
    "text": 1
  }
}