{
  "metadata": {
    "name": "up-arrow-shape",
    "description": "PowerPoint content: up-arrow-shape",
    "downloadedAt": "2025-09-08T12:00:32.333Z",
    "size": 3869,
    "contentType": "application/octet-stream",
    "url": "https://euc-powerpoint.officeapps.live.com/pods/GetClipboardBytes.ashx?Id=1dc0a166-431d-4945-9bc6-d8b191c56ae2&amp;DC=GEU7&amp;pkey=625295be-f949-4aa0-8e16-3841f9207e55&amp;wdwaccluster=GEU7&amp;DataType=shape"
  },
  "components": [
    {
      "id": "Arrow: Up 12",
      "type": "shape",
      "content": "up arrow shape",
      "x": 341,
      "y": 471,
      "width": 124,
      "height": 176,
      "rotation": 0,
      "slideIndex": 0,
      "zIndex": 0,
      "style": {
        "fillColor": "#4472C4",
        "borderColor": "transparent",
        "borderWidth": 0,
        "borderStyle": "none",
        "fillOpacity": 1,
        "rotation": 0,
        "effects": []
      },
      "shapeType": "up arrow",
      "geometry": {
        "type": "up arrow",
        "preset": "upArrow",
        "isCustom": false
      },
      "metadata": {
        "namespace": "a",
        "geometry": {
          "type": "up arrow",
          "preset": "upArrow",
          "isCustom": false
        },
        "originalFormat": "normalized",
        "shapeType": "up arrow",
        "hasEffects": false,
        "hasFill": true,
        "hasBorder": false
      }
    }
  ],
  "componentCount": 1,
  "componentTypes": {
    "shape": 1
  }
}