{
  "metadata": {
    "name": "blue-star",
    "description": "PowerPoint content: blue-star",
    "downloadedAt": "2025-09-08T12:00:32.335Z",
    "size": 3932,
    "contentType": "application/octet-stream",
    "url": "https://euc-powerpoint.officeapps.live.com/pods/GetClipboardBytes.ashx?Id=5f8e6ec3-b5ae-4778-90ba-9b2ffa41f627&DC=GEU7&pkey=29a6fdf8-6a33-41a2-8e91-53663f0da38d&wdwaccluster=GEU7&DataType=shape"
  },
  "components": [
    {
      "id": "Star: 5 Points 11",
      "type": "shape",
      "content": "5-point star shape",
      "x": 815,
      "y": 229,
      "width": 114,
      "height": 92,
      "rotation": 0,
      "slideIndex": 0,
      "zIndex": 0,
      "style": {
        "fillColor": "#44546A",
        "borderColor": "#4472C4",
        "borderWidth": 0,
        "borderStyle": "solid",
        "fillOpacity": 1,
        "rotation": 0,
        "effects": []
      },
      "shapeType": "5-point star",
      "geometry": {
        "type": "5-point star",
        "preset": "star5",
        "isCustom": false
      },
      "metadata": {
        "namespace": "a",
        "geometry": {
          "type": "5-point star",
          "preset": "star5",
          "isCustom": false
        },
        "originalFormat": "normalized",
        "shapeType": "5-point star",
        "hasEffects": false,
        "hasFill": true,
        "hasBorder": true
      }
    }
  ],
  "componentCount": 1,
  "componentTypes": {
    "shape": 1
  }
}