{
  "metadata": {
    "name": "video",
    "description": "PowerPoint content: video",
    "downloadedAt": "2025-09-08T12:00:32.358Z",
    "size": 3789,
    "contentType": "application/octet-stream",
    "url": "https://euc-powerpoint.officeapps.live.com/pods/GetClipboardBytes.ashx?Id=572607fc-9a4a-4572-85a7-1d66a1e9da1c&amp;DC=GEU7&amp;pkey=39724493-6187-41e0-ab0b-193569a77916&amp;wdwaccluster=GEU7&amp;DataType=shape"
  },
  "components": [
    {
      "id": "TextBox 5",
      "type": "text",
      "content": "Video",
      "x": 83,
      "y": 58,
      "width": 79,
      "height": 39,
      "rotation": 0,
      "slideIndex": 0,
      "zIndex": 0,
      "style": {
        "fontSize": 12,
        "fontFamily": "Arial",
        "fontWeight": "normal",
        "fontStyle": "normal",
        "textDecoration": "none",
        "color": "#000000",
        "backgroundColor": "transparent",
        "textAlign": "left",
        "opacity": 1,
        "rotation": 0
      },
      "richText": {
        "type": "doc",
        "content": [
          {
            "type": "paragraph",
            "content": [
              {
                "type": "text",
                "text": "Video"
              }
            ]
          }
        ]
      },
      "metadata": {
        "namespace": "a",
        "isTextBox": true,
        "originalFormat": "normalized",
        "paragraphCount": 1,
        "hasMultipleRuns": false
      }
    }
  ],
  "componentCount": 1,
  "componentTypes": {
    "text": 1
  }
}